jupyter-ninadickens[~]> cd Testreal
(NewBranch)jupyter-ninadickens[Testreal]> git status
On branch NewBranch
Your branch is up to date with 'origin/NewBranch'.

Changes to be committed:
  (use "git restore --staged <file>..." to unstage)
        new file:   something2.txt

(NewBranch)jupyter-ninadickens[Testreal]> git commit -m "something2commit"
[NewBranch 4faf8a5] something2commit
 1 file changed, 0 insertions(+), 0 deletions(-)
 create mode 100644 something2.txt
(NewBranch)jupyter-ninadickens[Testreal]> git push
Enumerating objects: 3, done.
Counting objects: 100% (3/3), done.
Delta compression using up to 8 threads
Compressing objects: 100% (2/2), done.
Writing objects: 100% (2/2), 250 bytes | 250.00 KiB/s, done.
Total 2 (delta 0), reused 0 (delta 0), pack-reused 0
To https://github.com/dickensn2005/BranchesLab.git
   bf5f6e9..4faf8a5  NewBranch -> NewBranch
(NewBranch)jupyter-ninadickens[Testreal]> git switch main
Switched to branch 'main'
Your branch is up to date with 'origin/main'.
(main)jupyter-ninadickens[Testreal]> git merge NewBranch
Updating bf5f6e9..4faf8a5
Fast-forward
 something2.txt | 0
 1 file changed, 0 insertions(+), 0 deletions(-)
 create mode 100644 something2.txt
(main)jupyter-ninadickens[Testreal]> ls
something2.txt  something.txt
(main)jupyter-ninadickens[Testreal]> git add
Nothing specified, nothing added.
hint: Maybe you wanted to say 'git add .'?
hint: Turn this message off by running
hint: "git config advice.addEmptyPathspec false"
(main)jupyter-ninadickens[Testreal]> git commit -m "merge"
On branch main
Your branch is ahead of 'origin/main' by 1 commit.
  (use "git push" to publish your local commits)

Changes not staged for commit:
  (use "git add <file>..." to update what will be committed)
  (use "git restore <file>..." to discard changes in working directory)
        modified:   something.txt

no changes added to commit (use "git add" and/or "git commit -a")
(main)jupyter-ninadickens[Testreal]> ls
something2.txt  something.txt
(main)jupyter-ninadickens[Testreal]> git add
Nothing specified, nothing added.
hint: Maybe you wanted to say 'git add .'?
hint: Turn this message off by running
hint: "git config advice.addEmptyPathspec false"
(main)jupyter-ninadickens[Testreal]> git commit -m "mergetest"
On branch main
Your branch is ahead of 'origin/main' by 1 commit.
  (use "git push" to publish your local commits)

Changes not staged for commit:
  (use "git add <file>..." to update what will be committed)
  (use "git restore <file>..." to discard changes in working directory)
        modified:   something.txt

no changes added to commit (use "git add" and/or "git commit -a")
(main)jupyter-ninadickens[Testreal]> git push
Total 0 (delta 0), reused 0 (delta 0), pack-reused 0
To https://github.com/dickensn2005/BranchesLab.git
   bf5f6e9..4faf8a5  main -> main
(main)jupyter-ninadickens[Testreal]> git branch -d NewBranchDeleted branch NewBranch (was 4faf8a5).
(main)jupyter-ninadickens[Testreal]> git push NewBranch -d NewBranch
fatal: 'NewBranch' does not appear to be a git repository
fatal: Could not read from remote repository.

Please make sure you have the correct access rights
and the repository exists.
(main)jupyter-ninadickens[Testreal]> git push BranchesLab -d NewBranch
fatal: 'BranchesLab' does not appear to be a git repository
fatal: Could not read from remote repository.

Please make sure you have the correct access rights
and the repository exists.
(main)jupyter-ninadickens[Testreal]> git push origin -d NewBranch
To https://github.com/dickensn2005/BranchesLab.git
 - [deleted]         NewBranch
(main)jupyter-ninadickens[Testreal]> mv something.txt terminalcode.txt
(main)jupyter-ninadickens[Testreal]> git add 
Nothing specified, nothing added.
hint: Maybe you wanted to say 'git add .'?
hint: Turn this message off by running
hint: "git config advice.addEmptyPathspec false"
(main)jupyter-ninadickens[Testreal]> git add terminalcode.txt
(main)jupyter-ninadickens[Testreal]> git commit -m "terminalcode"
[main e0b4c8e] terminalcode
 1 file changed, 89 insertions(+)
 create mode 100644 terminalcode.txt
(main)jupyter-ninadickens[Testreal]> git push
Enumerating objects: 4, done.
Counting objects: 100% (4/4), done.
Delta compression using up to 8 threads
Compressing objects: 100% (3/3), done.
Writing objects: 100% (3/3), 1.23 KiB | 631.00 KiB/s, done.
Total 3 (delta 0), reused 0 (delta 0), pack-reused 0
To https://github.com/dickensn2005/BranchesLab.git
   4faf8a5..e0b4c8e  main -> main
(main)jupyter-ninadickens[Testreal]> git pull
Already up to date.
(main)jupyter-ninadickens[Testreal]> git remove something.txt
WARNING: You called a Git command named 'remove', which does not exist.
Continuing in 1.0 seconds, assuming that you meant 'remote'.
error: Unknown subcommand: something.txt
usage: git remote [-v | --verbose]
   or: git remote add [-t <branch>] [-m <master>] [-f] [--tags | --no-tags] [--mirror=<fetch|push>] <name> <url>
   or: git remote rename <old> <new>
   or: git remote remove <name>
   or: git remote set-head <name> (-a | --auto | -d | --delete | <branch>)
   or: git remote [-v | --verbose] show [-n] <name>
   or: git remote prune [-n | --dry-run] <name>
   or: git remote [-v | --verbose] update [-p | --prune] [(<group> | <remote>)...]
   or: git remote set-branches [--add] <name> <branch>...
   or: git remote get-url [--push] [--all] <name>
   or: git remote set-url [--push] <name> <newurl> [<oldurl>]
   or: git remote set-url --add <name> <newurl>
   or: git remote set-url --delete <name> <url>

    -v, --verbose         be verbose; must be placed before a subcommand

(main)jupyter-ninadickens[Testreal]> git rm something.txt
rm 'something.txt'
(main)jupyter-ninadickens[Testreal]> git rm something.txt
fatal: pathspec 'something.txt' did not match any files
(main)jupyter-ninadickens[Testreal]> git commit -m "removefile"
[main 6e0a5f3] removefile
 1 file changed, 0 insertions(+), 0 deletions(-)
 delete mode 100644 something.txt
(main)jupyter-ninadickens[Testreal]> git push
Enumerating objects: 3, done.
Counting objects: 100% (3/3), done.
Delta compression using up to 8 threads
Compressing objects: 100% (2/2), done.
Writing objects: 100% (2/2), 281 bytes | 281.00 KiB/s, done.
Total 2 (delta 0), reused 0 (delta 0), pack-reused 0
To https://github.com/dickensn2005/BranchesLab.git
   e0b4c8e..6e0a5f3  main -> main
(main)jupyter-ninadickens[Testreal]> git log
commit 6e0a5f3b8e9b0ea8471c529d5687eb00c6d07540 (HEAD -> main, origin/main)
Author: Nina Dickens <ninadickens@berkeley.edu>
Date:   Mon Feb 7 23:34:54 2022 +0000

    removefile

commit e0b4c8e2879f1302cb24e49bcebfc24a61a82c66
Author: Nina Dickens <ninadickens@berkeley.edu>
Date:   Mon Feb 7 23:24:40 2022 +0000

    terminalcode

commit 4faf8a5f9d8d5b8b8d0aecfba9cf651e0c294bf4
Author: Nina Dickens <ninadickens@berkeley.edu>
Date:   Mon Feb 7 23:10:44 2022 +0000

    something2commit

commit bf5f6e97b5ce8f4bcf65ff9baaef9e6cc96cc553
Author: Nina Dickens <ninadickens@berkeley.edu>
Date:   Mon Feb 7 23:00:58 2022 +0000

    hello
(main)jupyter-ninadickens[Testreal]> 